// Jest Snapshot v1, https://goo.gl/fbAQLP

exports[`NgStore should match the initial state to snapshot 1`] = `
NgStore {
  "$$hooks": Array [],
  "$$stateHolder": Object {
    "get": [Function],
    "set": [Function],
  },
}
`;
